// Jest Snapshot v1, https://goo.gl/fbAQLP

exports[`AddMeetingButton renders correctly 1`] = `
<Link
  to="/meeting/add"
>
  <div
    className="uk-card uk-card-secondary uk-card-body add-card"
  >
    <h3
      className="uk-card-title"
    >
      +
    </h3>
  </div>
</Link>
`;
