// Jest Snapshot v1, https://goo.gl/fbAQLP

exports[`Meetings renders correctly 1`] = `
<div
  className="default-background"
>
  <div
    className="uk-container uk-text-center@m"
  >
    <h1
      className="uk-heading-divider uk-margin-top"
    >
      Meetings
    </h1>
    <div
      className="uk-align-center uk-width-1-2@m"
    >
      <Memo(ConnectFunction) />
      <AddMeetingButton />
    </div>
  </div>
</div>
`;
