// Jest Snapshot v1, https://goo.gl/fbAQLP

exports[`AddMeeting renders correctly 1`] = `
<div
  className="uk-container uk-text-center@m uk-margin-top uk-margin-bottom"
>
  <h1
    className="uk-heading-small uk-heading-divider"
  >
    Add Meeting
  </h1>
  <a
    href="#/meetings"
  >
    <span
      className="uk-position-large uk-position-top-left"
      uk-icon="icon: arrow-left; ratio: 3"
    />
  </a>
  <div
    className="uk-align-center uk-width-1-2@m"
  >
    <input
      className="uk-input uk-margin"
      placeholder="Name"
    />
    <Link
      className="uk-button uk-button-primary"
      to="/meetings/"
    >
      Submit
    </Link>
  </div>
</div>
`;
